/bin/sh: node: command not found
node:internal/errors:998
  const err = new Error(message);
              ^

Error: Command failed: node audit/enumerate_displayed.mjs
    at genericNodeError (node:internal/errors:998:15)
    at wrappedFn (node:internal/errors:543:14)
    at checkExecSyncError (node:child_process:925:11)
    at execSync (node:child_process:997:15)
    at file:///Users/popeye/Desktop/JRONE/jr-one-website/audit/weekly_monitor.mjs:33:1
    at ModuleJob.run (node:internal/modules/esm/module_job:437:25)
    at async onImport.tracePromise.__proto__ (node:internal/modules/esm/loader:639:26)
    at async asyncRunEntryPointWithESMLoader (node:internal/modules/run_main:101:5) {
  status: 127,
  signal: null,
  output: [ null, null, null ],
  pid: 31242,
  stdout: null,
  stderr: null
}

Node.js v25.9.0
